# golden: Dart reference outcomes for block a26 (feature 050 T037)
# files: <none>
## goal: T1 =.. [foo].
T1 = foo()
→ succeeds

## goal: T2 =.. [bar, x, y].
T2 = bar(x, y)
→ succeeds

## goal: foo(a, b) =.. L1.
L1 = [foo, a, b]
→ succeeds

## goal: bar(1, 2, 3) =.. L2.
L2 = [bar, 1, 2, 3]
→ succeeds

## goal: Xu1 = foo.
Xu1 = foo
→ succeeds

## goal: Xu2 = 42.
Xu2 = 42
→ succeeds

## goal: Xu3 = foo(a, b).
Xu3 = foo(a, b)
→ succeeds

## goal: Xu4 = [1, 2, 3].
Xu4 = [1, 2, 3]
→ succeeds

## goal: Xu5 = foo(bar(a)).
Xu5 = foo(bar(a))
→ succeeds

## goal: Xu6 = Y?.
Xu6 = <unbound>
→ succeeds

## goal: Xa1 := 3.
Xa1 = 3
→ succeeds

## goal: Xa2 := 5 + 3.
Xa2 = 8
→ succeeds

## goal: Xa3 := 10 - 4.
Xa3 = 6
→ succeeds

## goal: Xa4 := 4 * 7.
Xa4 = 28
→ succeeds

## goal: Xa5 := 20 / 4.
Xa5 = 5.0
→ succeeds

## goal: Xa6 := 5 + 3 * 2.
Xa6 = 11
→ succeeds

## goal: Xa7 := (5 + 3) * 2.
Xa7 = 16
→ succeeds

## goal: Xa8 := -5.
Xa8 = -5
→ succeeds

## goal: mwm([], Xmwm1).
Xmwm1 = []
→ succeeds

## goal: mwm([stream([1,2,3])], Xmwm2).
Xmwm2 = [1, 2, 3]
→ succeeds

## goal: mwm([stream([a,b]), stream([1,2])], Xmwm3).
Xmwm3 = [a, b, 1, 2]
→ succeeds

