E:true_in_guard	REJECTED
glp_runtime/test/programs/moded_types/invalid/call_mode_mismatch.glp	REJECTED
glp_runtime/test/programs/moded_types/invalid/deep/accumulator_wrong_mode.glp	REJECTED
glp_runtime/test/programs/moded_types/invalid/deep/channel_wrong_inversion.glp	REJECTED
glp_runtime/test/programs/moded_types/invalid/deep/correct_type_wrong_annotation.glp	REJECTED
glp_runtime/test/programs/moded_types/invalid/deep/double_nesting_error.glp	REJECTED
glp_runtime/test/programs/moded_types/invalid/deep/list_tail_mode_error.glp	REJECTED
glp_runtime/test/programs/moded_types/invalid/deep/mixed_clauses.glp	REJECTED
glp_runtime/test/programs/moded_types/invalid/deep/nested_struct_wrong_mode.glp	REJECTED
glp_runtime/test/programs/moded_types/invalid/deep/pair_list_wrong_mode.glp	REJECTED
glp_runtime/test/programs/moded_types/invalid/deep/recursive_type_deep_error.glp	REJECTED
glp_runtime/test/programs/moded_types/invalid/deep/response_slot_no_embedded.glp	REJECTED
glp_runtime/test/programs/moded_types/invalid/embedded/counter_wrong_mode.glp	REJECTED
glp_runtime/test/programs/moded_types/invalid/embedded_mode_error.glp	REJECTED
glp_runtime/test/programs/moded_types/invalid/reader_at_input.glp	REJECTED
glp_runtime/test/programs/moded_types/invalid/union_alias_overlap.glp	REJECTED
glp_runtime/test/programs/moded_types/invalid/union_alias_refs_alias.glp	REJECTED
glp_runtime/test/programs/moded_types/invalid/universal/any_list_cons.glp	REJECTED
glp_runtime/test/programs/moded_types/invalid/universal/any_mixed_clauses.glp	REJECTED
glp_runtime/test/programs/moded_types/invalid/universal/any_reduce_pattern.glp	REJECTED
glp_runtime/test/programs/moded_types/invalid/universal/any_struct_at_input.glp	REJECTED
glp_runtime/test/programs/moded_types/invalid/universal/any_struct_at_output.glp	REJECTED
glp_runtime/test/programs/moded_types/invalid/writer_at_output.glp	REJECTED
glp_runtime/test/programs/moded_types/valid/append.glp	LOADED
glp_runtime/test/programs/moded_types/valid/counter.glp	LOADED
glp_runtime/test/programs/moded_types/valid/embedded/counter_show.glp	LOADED
glp_runtime/test/programs/moded_types/valid/embedded/input_with_input_embedded.glp	LOADED
glp_runtime/test/programs/moded_types/valid/embedded/output_with_input_embedded.glp	LOADED
glp_runtime/test/programs/moded_types/valid/embedded/output_with_output_embedded.glp	LOADED
glp_runtime/test/programs/moded_types/valid/merge.glp	LOADED
glp_runtime/test/programs/moded_types/valid/simple_io.glp	LOADED
glp_runtime/test/programs/moded_types/valid/union_alias_basic.glp	LOADED
glp_runtime/test/programs/moded_types/valid/union_alias_simple.glp	LOADED
glp_runtime/test/programs/moded_types/valid/union_alias_three.glp	LOADED
glp_runtime/test/programs/moded_types/valid/universal/any_constant_at_input.glp	LOADED
glp_runtime/test/programs/moded_types/valid/universal/any_constant_at_output.glp	LOADED
glp_runtime/test/programs/moded_types/valid/universal/any_copy.glp	LOADED
glp_runtime/test/programs/moded_types/valid/universal/any_empty_list.glp	LOADED
glp_runtime/test/programs/moded_types/valid/universal/any_multi_clause.glp	LOADED
glp_runtime/test/programs/moded_types/valid/universal/list_with_any_element.glp	LOADED
glp_runtime/test/programs/typechecker/negative/append_bad_type.glp	REJECTED
glp_runtime/test/programs/typechecker/negative/body/merge_undefined_proc.glp	REJECTED
glp_runtime/test/programs/typechecker/negative/body/merge_wrong_mode.glp	REJECTED
glp_runtime/test/programs/typechecker/negative/body/param_merge_wrong_mode.glp	REJECTED
glp_runtime/test/programs/typechecker/negative/channel_non_complementary.glp	REJECTED
glp_runtime/test/programs/typechecker/negative/complementarity/merge_swapped_vars.glp	REJECTED
glp_runtime/test/programs/typechecker/negative/complementarity/merge_type_mismatch.glp	REJECTED
glp_runtime/test/programs/typechecker/negative/constant_at_wrong_type.glp	REJECTED
glp_runtime/test/programs/typechecker/negative/coverage/merge_missing_both_nil.glp	REJECTED
glp_runtime/test/programs/typechecker/negative/coverage/merge_missing_cons.glp	REJECTED
glp_runtime/test/programs/typechecker/negative/coverage/merge_missing_first_nil.glp	REJECTED
glp_runtime/test/programs/typechecker/negative/functor_mismatch.glp	REJECTED
glp_runtime/test/programs/typechecker/negative/head/merge_reader_at_input.glp	REJECTED
glp_runtime/test/programs/typechecker/negative/head/merge_writer_at_output.glp	REJECTED
glp_runtime/test/programs/typechecker/negative/head/merge_wrong_constant.glp	REJECTED
glp_runtime/test/programs/typechecker/negative/head/merge_wrong_functor.glp	REJECTED
glp_runtime/test/programs/typechecker/negative/merge_incomplete.glp	REJECTED
glp_runtime/test/programs/typechecker/negative/missing_coverage.glp	REJECTED
glp_runtime/test/programs/typechecker/negative/non_complementary_types.glp	REJECTED
glp_runtime/test/programs/typechecker/negative/subtyping/arg_type_mismatch.glp	REJECTED
glp_runtime/test/programs/typechecker/negative/subtyping/contravariant_wrong_direction.glp	REJECTED
glp_runtime/test/programs/typechecker/negative/subtyping/disjoint_types.glp	REJECTED
glp_runtime/test/programs/typechecker/negative/subtyping/wrong_direction_fileop_readop.glp	REJECTED
glp_runtime/test/programs/typechecker/negative/type_def/merge_undefined_type.glp	REJECTED
glp_runtime/test/programs/typechecker/positive/append_list.glp	LOADED
glp_runtime/test/programs/typechecker/positive/book/universal_accepts_structured.glp	LOADED
glp_runtime/test/programs/typechecker/positive/copy_stream.glp	LOADED
glp_runtime/test/programs/typechecker/positive/disjoint_primitives.glp	LOADED
glp_runtime/test/programs/typechecker/positive/dl_append.glp	LOADED
glp_runtime/test/programs/typechecker/positive/guards_all.glp	LOADED
glp_runtime/test/programs/typechecker/positive/int_list_sum.glp	LOADED
glp_runtime/test/programs/typechecker/positive/merge_basic.glp	LOADED
glp_runtime/test/programs/typechecker/positive/merge_variable_coverage_base.glp	LOADED
glp_runtime/test/programs/typechecker/positive/merge_variable_coverage_mixed.glp	LOADED
glp_runtime/test/programs/typechecker/positive/merge_variable_coverage_recursive.glp	LOADED
glp_runtime/test/programs/typechecker/positive/monitor.glp	LOADED
glp_runtime/test/programs/typechecker/positive/nat_operations.glp	LOADED
glp_runtime/test/programs/typechecker/positive/new_channel.glp	LOADED
glp_runtime/test/programs/typechecker/positive/process_complete.glp	LOADED
glp_runtime/test/programs/typechecker/positive/subtyping/basic_readop_fileop.glp	LOADED
glp_runtime/test/programs/typechecker/positive/subtyping/constants_fewer_alternatives.glp	LOADED
glp_runtime/test/programs/typechecker/positive/subtyping/contravariant_response_slot.glp	LOADED
glp_runtime/test/programs/typechecker/positive/subtyping/direct_constant_subtype.glp	LOADED
glp_runtime/test/programs/typechecker/positive/subtyping/struct_fewer_functors.glp	LOADED
glp_runtime/test/programs/typechecker/positive/universal_structured_term.glp	LOADED
programs/tests/archive/repl/merge_with_reader.glp	REJECTED
programs/tests/quic/quic_mesh.glp	LOADED
programs/tests/quic/quic_one_bind.glp	LOADED
programs/tests/typed/atom_guard.glp	LOADED
programs/tests/typed/decline_eq_bad.glp	REJECTED
programs/tests/typed/decline_neq_bad.glp	REJECTED
programs/tests/typed/decline_reader_bad.glp	REJECTED
programs/tests/typed/decline_struct_diseq_bad.glp	REJECTED
programs/tests/typed/module_guard.glp	LOADED
programs/tests/typed/order_guards.glp	LOADED
programs/tests/typed/param_arity_mismatch.glp	REJECTED
programs/tests/typed/param_channel.glp	LOADED
programs/tests/typed/param_procedure_inference.glp	LOADED
programs/tests/typed/param_stream_integer.glp	LOADED
programs/typed_book/constants/circuits.glp	LOADED
programs/typed_book/constants/gates.glp	LOADED
programs/typed_book/constants/gates_simple.glp	LOADED
programs/typed_book/recursive/arithmetic_trees/ackermann.glp	LOADED
programs/typed_book/recursive/arithmetic_trees/exp.glp	LOADED
programs/typed_book/recursive/arithmetic_trees/factorial.glp	LOADED
programs/typed_book/recursive/arithmetic_trees/fibonacci.glp	LOADED
programs/typed_book/recursive/arithmetic_trees/gcd_integer.glp	LOADED
programs/typed_book/recursive/arithmetic_trees/lesseq.glp	LOADED
programs/typed_book/recursive/arithmetic_trees/min.glp	LOADED
programs/typed_book/recursive/arithmetic_trees/natural_numbers.glp	LOADED
programs/typed_book/recursive/arithmetic_trees/plus.glp	LOADED
programs/typed_book/recursive/arithmetic_trees/primes.glp	LOADED
programs/typed_book/recursive/arithmetic_trees/times.glp	LOADED
programs/typed_book/recursive/list_processing/append.glp	LOADED
programs/typed_book/recursive/list_processing/copy.glp	LOADED
programs/typed_book/recursive/list_processing/delete.glp	LOADED
programs/typed_book/recursive/list_processing/dl_append.glp	LOADED
programs/typed_book/recursive/list_processing/filter_even.glp	LOADED
programs/typed_book/recursive/list_processing/inner_product.glp	LOADED
programs/typed_book/recursive/list_processing/inner_product_iter.glp	LOADED
programs/typed_book/recursive/list_processing/insertion_sort.glp	LOADED
programs/typed_book/recursive/list_processing/length.glp	LOADED
programs/typed_book/recursive/list_processing/map_inc.glp	LOADED
programs/typed_book/recursive/list_processing/maxlist.glp	LOADED
programs/typed_book/recursive/list_processing/member.glp	LOADED
programs/typed_book/recursive/list_processing/merge_ordered.glp	LOADED
programs/typed_book/recursive/list_processing/merge_sort.glp	LOADED
programs/typed_book/recursive/list_processing/nth.glp	LOADED
programs/typed_book/recursive/list_processing/polygon_area.glp	LOADED
programs/typed_book/recursive/list_processing/quicksort.glp	LOADED
programs/typed_book/recursive/list_processing/reverse.glp	LOADED
programs/typed_book/recursive/list_processing/reverse_naive.glp	LOADED
programs/typed_book/recursive/list_processing/translate.glp	LOADED
programs/typed_book/recursive/list_processing/variants/quicksort_original.glp	LOADED
programs/typed_book/recursive/structure_processing/binary_tree.glp	LOADED
programs/typed_book/recursive/structure_processing/list_to_bst.glp	LOADED
programs/typed_book/recursive/structure_processing/substitute.glp	LOADED
programs/typed_book/recursive/structure_processing/traversals.glp	LOADED
programs/typed_book/recursive/structure_processing/tree_sum.glp	LOADED
programs/typed_book/social_graph/channel.glp	LOADED
programs/typed_book/social_graph/typed_social_agent.glp	LOADED
programs/typed_book/social_networks/broadcast.glp	LOADED
programs/typed_book/social_networks/replicate.glp	LOADED
programs/typed_book/social_networks/replicate2.glp	LOADED
programs/typed_book/social_networks/replicate3.glp	LOADED
programs/typed_book/streams/buffered_communication/hollow_integers.glp	LOADED
programs/typed_book/streams/producers_consumers/biased_merge.glp	LOADED
programs/typed_book/streams/producers_consumers/cooperative.glp	LOADED
programs/typed_book/streams/producers_consumers/distribute.glp	LOADED
programs/typed_book/streams/producers_consumers/distribute_binary.glp	LOADED
programs/typed_book/streams/producers_consumers/distribute_ground.glp	LOADED
programs/typed_book/streams/producers_consumers/distribute_indexed.glp	LOADED
programs/typed_book/streams/producers_consumers/fair_merge.glp	LOADED
programs/typed_book/streams/producers_consumers/merge_dynamic.glp	LOADED
programs/typed_book/streams/producers_consumers/merge_simple.glp	LOADED
programs/typed_book/streams/producers_consumers/merge_tree.glp	LOADED
programs/typed_book/streams/producers_consumers/mwm.glp	LOADED
programs/typed_book/streams/producers_consumers/producer_consumer.glp	LOADED
programs/typed_book/streams/producers_consumers/producer_consumer_countdown.glp	LOADED
programs/typed_book/test_bug.glp	LOADED
programs/typed_book/test_friend.glp	LOADED
programs/typed_book/test_lookup2.glp	LOADED
